<?xml version="1.0" encoding="UTF-8"?>
<TestRun id="f0af0a15-1938-489b-a165-e4d97e232dcd" name="garfield@ODIE 2011-03-03 18:16:58" runUser="odie\garfield" xmlns="http://microsoft.com/schemas/VisualStudio/TeamTest/2010">
  <TestSettings name="Local" id="39352881-c791-4a01-a82d-c036268b1466">
    <Description>These are default test settings for a local test run.</Description>
    <Deployment enabled="false" runDeploymentRoot="garfield_ODIE 2011-03-03 18_16_58">
      <DeploymentItem filename="D:\Projects\Bonobo Git Server\Source\Bonobo.Git.Server\Bonobo.Git.Server\bin\Bonobo.Git.Server.dll" />
    </Deployment>
    <Execution>
      <TestTypeSpecific />
      <AgentRule name="Execution Agents">
      </AgentRule>
    </Execution>
  </TestSettings>
  <Times creation="2011-03-03T18:16:58.1813336+01:00" queuing="2011-03-03T18:16:59.3634012+01:00" start="2011-03-03T18:16:59.5524120+01:00" finish="2011-03-03T18:17:26.0579281+01:00" />
  <ResultSummary outcome="Error">
    <Counters total="1" executed="1" error="0" failed="0" timeout="0" aborted="1" inconclusive="0" passedButRunAborted="0" notRunnable="0" notExecuted="0" disconnected="0" warning="0" passed="0" completed="0" inProgress="0" pending="0" />
    <RunInfos>
      <RunInfo computerName="ODIE" outcome="Error" timestamp="2011-03-03T18:17:26.0559280+01:00">
        <Text>Test host process exited unexpectedly.</Text>
      </RunInfo>
    </RunInfos>
  </ResultSummary>
  <TestDefinitions>
    <UnitTest name="CreateUser_Test" storage="d:\projects\bonobo git server\source\bonobo.git.server\bonobo.git.server.test\bin\debug\bonobo.git.server.test.dll" id="f117b12f-7c90-84c3-c08c-1cd50d3d3669">
      <Execution id="697567ed-7cbe-4803-80f9-75efa613dd10" />
      <TestMethod codeBase="D:/Projects/Bonobo Git Server/Source/Bonobo.Git.Server/Bonobo.Git.Server.Test/bin/Debug/Bonobo.Git.Server.Test.DLL" adapterTypeName="Microsoft.VisualStudio.TestTools.TestTypes.Unit.UnitTestAdapter, Microsoft.VisualStudio.QualityTools.Tips.UnitTest.Adapter, Version=10.0.0.0, Culture=neutral, PublicKeyToken=b03f5f7f11d50a3a" className="Bonobo.Git.Server.Test.EFMembershipServiceTest, Bonobo.Git.Server.Test, Version=1.0.0.0, Culture=neutral, PublicKeyToken=null" name="CreateUser_Test" />
    </UnitTest>
  </TestDefinitions>
  <TestLists>
    <TestList name="Results Not in a List" id="8c84fa94-04c1-424b-9868-57a2d4851a1d" />
    <TestList name="All Loaded Results" id="19431567-8539-422a-85d7-44ee4e166bda" />
  </TestLists>
  <TestEntries>
    <TestEntry testId="f117b12f-7c90-84c3-c08c-1cd50d3d3669" executionId="697567ed-7cbe-4803-80f9-75efa613dd10" testListId="8c84fa94-04c1-424b-9868-57a2d4851a1d" />
  </TestEntries>
  <Results>
    <UnitTestResult executionId="697567ed-7cbe-4803-80f9-75efa613dd10" testId="f117b12f-7c90-84c3-c08c-1cd50d3d3669" testName="CreateUser_Test" computerName="ODIE" duration="00:00:26.3405066" startTime="2011-03-03T18:16:59.7164214+01:00" endTime="2011-03-03T18:17:26.0569280+01:00" testType="13cdc9d9-ddb5-4fa4-a97d-d965ccfc6d4b" outcome="Aborted" testListId="8c84fa94-04c1-424b-9868-57a2d4851a1d" relativeResultsDirectory="697567ed-7cbe-4803-80f9-75efa613dd10">
    </UnitTestResult>
  </Results>
</TestRun>